C51 COMPILER V9.52.0.0   TIMER                                                             08/14/2022 15:27:08 PAGE 1   


C51 COMPILER V9.52.0.0, COMPILATION OF MODULE TIMER
OBJECT MODULE PLACED IN TIMER.obj
COMPILER INVOKED BY: D:\Keil\C51\BIN\C51.EXE Basic\TIMER.c BROWSE INCDIR(.\Basic;.\Hardware;.\User) DEBUG OBJECTEXTEND P
                    -RINT(.\TIMER.lst) TABS(2) OBJECT(TIMER.obj)

line level    source

   1          #include "TIMER.h"
   2          
   3          unsigned char T0_Flag = 0;
   4          unsigned char cnt = 0;
   5          
   6          void Timer0(){
   7   1        TMOD &= 0xF0;
   8   1        TMOD |= 0x01;
   9   1        TH0 = 0xDC;
  10   1        TL0 = 0x00;
  11   1        TF0 = 0;
  12   1        TR0 = 1;
  13   1        EA =1;
  14   1        ET0 = 1;
  15   1      }
  16          
  17          void Timer0Handler() interrupt 1{
  18   1        cnt++;
  19   1        if(cnt == 100){
  20   2          T0_Flag = 1;
  21   2          cnt = 0;
  22   2        }
  23   1        TH0 = 0xDC;
  24   1        TL0 = 0x00;
  25   1      }


MODULE INFORMATION:   STATIC OVERLAYABLE
   CODE SIZE        =     49    ----
   CONSTANT SIZE    =   ----    ----
   XDATA SIZE       =   ----    ----
   PDATA SIZE       =   ----    ----
   DATA SIZE        =      2    ----
   IDATA SIZE       =   ----    ----
   BIT SIZE         =   ----    ----
END OF MODULE INFORMATION.


C51 COMPILATION COMPLETE.  0 WARNING(S),  0 ERROR(S)
